#-----------------------------------------------------------
# Vivado v2024.2 (64-bit)
# SW Build 5239630 on Fri Nov 08 22:35:27 MST 2024
# IP Build 5239520 on Sun Nov 10 16:12:51 MST 2024
# SharedData Build 5239561 on Fri Nov 08 14:39:27 MST 2024
# Start of session at: Mon May 26 13:05:26 2025
# Process ID         : 8336
# Current directory  : C:/Dev/uni/master/II/Lab2/Lab1.runs/impl_1
# Command line       : vivado.exe -log blinker_v2.vdi -applog -product Vivado -messageDb vivado.pb -mode batch -source blinker_v2.tcl -notrace
# Log file           : C:/Dev/uni/master/II/Lab2/Lab1.runs/impl_1/blinker_v2.vdi
# Journal file       : C:/Dev/uni/master/II/Lab2/Lab1.runs/impl_1\vivado.jou
# Running On         : LAPTOP-GF3IISH0
# Platform           : Windows Server 2016 or Windows 10
# Operating System   : 26100
# Processor Detail   : 13th Gen Intel(R) Core(TM) i7-1355U
# CPU Frequency      : 2611 MHz
# CPU Physical cores : 10
# CPU Logical cores  : 12
# Host memory        : 42564 MB
# Swap memory        : 2684 MB
# Total Virtual      : 45249 MB
# Available Virtual  : 35314 MB
#-----------------------------------------------------------
source blinker_v2.tcl -notrace
